
Discarded input sections

 .group         0x00000000        0xc /tmp/cc5Unz8t.o
 .group         0x00000000        0xc /tmp/cc5Unz8t.o
 .group         0x00000000        0xc /tmp/cc5Unz8t.o
 .group         0x00000000        0xc /tmp/cc5Unz8t.o
 .group         0x00000000        0xc /tmp/cc5Unz8t.o
 .group         0x00000000        0xc /tmp/cc5Unz8t.o
 .group         0x00000000        0xc /tmp/ccJ5qtTI.o
 .group         0x00000000        0xc /tmp/ccJ5qtTI.o
 .group         0x00000000        0xc /tmp/ccJ5qtTI.o
 .group         0x00000000        0xc /tmp/ccJ5qtTI.o
 .group         0x00000000        0xc /tmp/ccJ5qtTI.o
 .group         0x00000000        0xc /tmp/ccJ5qtTI.o
 .debug_macro   0x00000000      0x76c /tmp/ccJ5qtTI.o
 .debug_macro   0x00000000      0x189 /tmp/ccJ5qtTI.o
 .debug_macro   0x00000000      0x34e /tmp/ccJ5qtTI.o
 .debug_macro   0x00000000       0x6a /tmp/ccJ5qtTI.o
 .debug_macro   0x00000000       0x1c /tmp/ccJ5qtTI.o
 .debug_macro   0x00000000      0x172 /tmp/ccJ5qtTI.o
 .group         0x00000000        0xc /tmp/ccLYVxA6.o
 .group         0x00000000        0xc /tmp/ccLYVxA6.o
 .group         0x00000000        0xc /tmp/ccLYVxA6.o
 .group         0x00000000        0xc /tmp/ccLYVxA6.o
 .group         0x00000000        0xc /tmp/ccLYVxA6.o
 .group         0x00000000        0xc /tmp/ccLYVxA6.o
 .debug_macro   0x00000000      0x76c /tmp/ccLYVxA6.o
 .debug_macro   0x00000000      0x34e /tmp/ccLYVxA6.o
 .debug_macro   0x00000000       0x6a /tmp/ccLYVxA6.o
 .debug_macro   0x00000000       0x1c /tmp/ccLYVxA6.o
 .debug_macro   0x00000000      0x189 /tmp/ccLYVxA6.o
 .group         0x00000000        0xc /tmp/ccfgMfzu.o
 .group         0x00000000        0xc /tmp/ccfgMfzu.o
 .group         0x00000000        0xc /tmp/ccfgMfzu.o
 .debug_macro   0x00000000      0x76c /tmp/ccfgMfzu.o
 .debug_macro   0x00000000      0x34e /tmp/ccfgMfzu.o
 .debug_macro   0x00000000      0x189 /tmp/ccfgMfzu.o
 .group         0x00000000        0xc /tmp/ccdzT3DC.o
 .group         0x00000000        0xc /tmp/ccdzT3DC.o
 .group         0x00000000        0xc /tmp/ccdzT3DC.o
 .debug_macro   0x00000000      0x76c /tmp/ccdzT3DC.o
 .debug_macro   0x00000000      0x34e /tmp/ccdzT3DC.o
 .debug_macro   0x00000000      0x189 /tmp/ccdzT3DC.o

Memory Configuration

Name             Origin             Length             Attributes
RAM              0x00000000         0x00010000         xrw
*default*        0x00000000         0xffffffff

Linker script and memory map


.vectors        0x00000040       0x36
 *(.vectors)
 .vectors       0x00000040       0x36 /tmp/ccKAv8X5.o
                0x00000040                _start

.text           0x00000078     0x7dd7
 *(.text*)
 .text          0x00000078        0x0 /tmp/ccKAv8X5.o
 .text.machine_trap_entry
                0x00000078       0x92 /tmp/ccKAv8X5.o
                0x00000078                machine_trap_entry
 .text          0x0000010a     0x2cda /tmp/cc5Unz8t.o
                0x00002956                _sbrk
                0x000029be                hazard3_console_putc
                0x000029da                hazard3_console_puts
                0x00002a04                hazard3_console_put_hex32
                0x00002a08                hazard3_console_getc_nonblocking
                0x00002a7c                hazard3_console_input_capture_begin
                0x00002ac0                hazard3_console_input_capture_end
                0x00002ac8                hazard3_console_input_capture_received
                0x00002ad0                hazard3_console_input_capture_overflows
                0x00002ad8                hazard3_ticks_ms
                0x00002ae0                hazard3_sleep_ms
                0x00002afe                hazard3_memory_barrier
                0x00002b04                hazard3_doom_image_base
                0x00002b0a                hazard3_doom_image_limit
                0x00002b10                hazard3_sbrk
                0x00002b78                hazard3_heap_alloc
                0x00002bee                hazard3_heap_is_active
                0x00002c00                hazard3_heap_used
                0x00002c0e                hazard3_heap_remaining
                0x00002c1c                hazard3_heap_reset
                0x00002c46                machine_trap_handler
 .text.startup  0x00002de4     0x1ca0 /tmp/cc5Unz8t.o
                0x00002de4                main
 .text          0x00004a84      0x91e /tmp/ccJ5qtTI.o
                0x00004c42                doom_image_loader_invalidate
                0x00004c5c                doom_image_loader_receive
                0x00005026                doom_image_loader_launch
                0x000051f8                doom_image_loader_print_status
                0x00005376                doom_image_loader_receive_runs
                0x0000537e                doom_image_loader_receive_failures
                0x00005386                doom_image_loader_launch_runs
                0x0000538e                doom_image_loader_launch_failures
                0x00005396                doom_image_loader_is_loaded
 .text          0x000053a2      0x662 /tmp/ccLYVxA6.o
                0x0000541a                doom_wad_loader_invalidate
                0x00005422                doom_wad_loader_receive
                0x000058c0                doom_wad_loader_print_status
                0x000059c0                doom_wad_loader_is_loaded
                0x000059cc                doom_wad_loader_base
                0x000059d2                doom_wad_loader_bytes
                0x000059e2                doom_wad_loader_name
                0x000059f4                doom_wad_loader_lump_count
                0x000059fc                doom_wad_loader_directory_offset
 .text          0x00005a04      0x4b0 /tmp/ccfgMfzu.o
                0x00005a04                doom_port_smoke_run
                0x00005e8c                doom_port_smoke_runs
                0x00005e94                doom_port_smoke_failures
                0x00005e9c                doom_port_smoke_last_elapsed_ms
                0x00005ea4                doom_port_smoke_last_heap_used
                0x00005eac                doom_port_smoke_last_passed
 .text          0x00005eb4      0x4a0 /tmp/ccdzT3DC.o
                0x00005eb4                sdram_exec_test_run
                0x000062dc                sdram_exec_test_note_timer_pc
                0x00006314                sdram_exec_test_runs
                0x0000631c                sdram_exec_test_failures
                0x00006324                sdram_exec_test_last_elapsed_ms
                0x0000632c                sdram_exec_test_last_timer_hits
                0x00006334                sdram_exec_test_last_result
                0x0000633c                sdram_exec_test_last_expected
                0x00006344                sdram_exec_test_payload_bytes
                0x0000634c                sdram_exec_test_last_passed
 .text          0x00006354        0x0 /tmp/ccGqaGSp.o
 *fill*         0x00006354        0x0 
 .text.sdram_exec_payload
                0x00006354       0x46 /tmp/ccGqaGSp.o
                0x00006354                sdram_exec_payload_start
                0x00006398                sdram_exec_payload_end
 *(.rodata*)
 *fill*         0x0000639a        0x2 
 .rodata.str1.4
                0x0000639c     0x11bd /tmp/cc5Unz8t.o
                               0x11ec (size before relaxing)
 *fill*         0x00007559        0x3 
 .rodata        0x0000755c      0x204 /tmp/cc5Unz8t.o
 .rodata.str1.4
                0x00007760      0x3b6 /tmp/ccJ5qtTI.o
                                0x3f2 (size before relaxing)
 *fill*         0x00007b16        0x2 
 .rodata.str1.4
                0x00007b18      0x131 /tmp/ccLYVxA6.o
                                0x195 (size before relaxing)
 *fill*         0x00007c49        0x3 
 .rodata.str1.4
                0x00007c4c      0x138 /tmp/ccfgMfzu.o
                                0x1c3 (size before relaxing)
 .rodata.str1.4
                0x00007d84       0xcb /tmp/ccdzT3DC.o
                                0x14b (size before relaxing)

.srodata        0x00007e50        0x8
 .srodata       0x00007e50        0x8 /tmp/cc5Unz8t.o

.rela.dyn       0x00007e58        0x0
 .rela.vectors  0x00007e58        0x0 /tmp/ccKAv8X5.o

.data           0x00007e58        0x0
 *(.data*)
 .data          0x00007e58        0x0 /tmp/ccKAv8X5.o
 .data          0x00007e58        0x0 /tmp/cc5Unz8t.o
 .data          0x00007e58        0x0 /tmp/ccJ5qtTI.o
 .data          0x00007e58        0x0 /tmp/ccLYVxA6.o
 .data          0x00007e58        0x0 /tmp/ccfgMfzu.o
 .data          0x00007e58        0x0 /tmp/ccdzT3DC.o
 .data          0x00007e58        0x0 /tmp/ccGqaGSp.o
 *(.sdata*)

.bss            0x00007e58      0x224
                0x00007e58                        __bss_start = .
 *(.bss*)
 .bss           0x00007e58        0x0 /tmp/ccKAv8X5.o
 .bss           0x00007e58       0x40 /tmp/cc5Unz8t.o
 .bss           0x00007e98       0x40 /tmp/ccJ5qtTI.o
 .bss           0x00007ed8       0x40 /tmp/ccLYVxA6.o
 .bss           0x00007f18        0x0 /tmp/ccfgMfzu.o
 .bss           0x00007f18        0x0 /tmp/ccdzT3DC.o
 .bss           0x00007f18        0x0 /tmp/ccGqaGSp.o
 *(.sbss*)
 .sbss          0x00007f18       0xd0 /tmp/cc5Unz8t.o
                0x00007f28                video_pattern_last_elapsed_ms
                0x00007f2c                video_pattern_runs
                0x00007f30                sdram_heap_last_failure_actual
                0x00007f34                sdram_heap_last_failure_expected
                0x00007f38                sdram_heap_last_failure_addr
                0x00007f3c                sdram_heap_last_elapsed_ms
                0x00007f40                sdram_heap_last_test_passed
                0x00007f44                sdram_heap_test_failures
                0x00007f48                sdram_heap_test_runs
                0x00007f4c                sdram_heap_reset_count
                0x00007f50                sdram_heap_failed_allocations
                0x00007f54                sdram_heap_allocation_count
                0x00007f58                sdram_heap_high_water
                0x00007f5c                sdram_heap_current
                0x00007f60                sdram_last_qualification_pass_mask
                0x00007f64                sdram_last_qualification_passed
                0x00007f68                sdram_qualification_failures
                0x00007f6c                sdram_qualification_runs
                0x00007f70                sdram_last_random_seed
                0x00007f74                sdram_random_passes_completed
                0x00007f78                sdram_last_passed
                0x00007f7c                sdram_last_first_failure_actual
                0x00007f80                sdram_last_first_failure_expected
                0x00007f84                sdram_last_first_failure_addr
                0x00007f88                sdram_last_failures
                0x00007f8c                sdram_last_elapsed_ms
                0x00007f90                sdram_last_test_bytes
                0x00007f94                sdram_total_failures
                0x00007f98                sdram_words_tested
                0x00007f9c                sdram_failed_runs
                0x00007fa0                sdram_test_runs
                0x00007fb0                doom_uart_capture_overflows
                0x00007fb4                doom_uart_capture_received
                0x00007fb8                uart_last_status
                0x00007fbc                uart_tx_count
                0x00007fc0                uart_rx_count
                0x00007fc4                unexpected_trap_count
                0x00007fc8                last_mtval
                0x00007fcc                last_mepc
                0x00007fd0                last_mcause
                0x00007fd8                timer_next_compare
                0x00007fe0                timer_interrupt_count
                0x00007fe4                system_ticks
 .sbss          0x00007fe8       0x38 /tmp/ccJ5qtTI.o
 .sbss          0x00008020       0x20 /tmp/ccLYVxA6.o
 .sbss          0x00008040       0x14 /tmp/ccfgMfzu.o
 .sbss          0x00008054       0x28 /tmp/ccdzT3DC.o
 *(COMMON)
                0x0000807c                        __bss_end = .
                0x00008080                        . = ALIGN (0x10)
                0x00010000                        __stack_top = (ORIGIN (RAM) + LENGTH (RAM))
                0x00010000                        __doom_screenbuffer_base = 0x10000
                0x0001fa00                        __doom_screenbuffer_end = (__doom_screenbuffer_base + 0xfa00)
                0x00000001                        ASSERT ((__bss_end <= (__stack_top - 0x4000)), Monitor image leaves less than 16 KiB for the Doom/interrupt stack)
                0x00000001                        ASSERT ((__doom_screenbuffer_end <= 0x20000), Doom screen buffer exceeds internal SRAM)
LOAD /tmp/ccKAv8X5.o
LOAD /tmp/cc5Unz8t.o
LOAD /tmp/ccJ5qtTI.o
LOAD /tmp/ccLYVxA6.o
LOAD /tmp/ccfgMfzu.o
LOAD /tmp/ccdzT3DC.o
LOAD /tmp/ccGqaGSp.o
OUTPUT(/home/gojimmypi/Hazard3-Doom/build/hazard3-test.elf elf32-littleriscv)

.riscv.attributes
                0x00000000       0x48
 .riscv.attributes
                0x00000000       0x46 /tmp/ccKAv8X5.o
 .riscv.attributes
                0x00000046       0x48 /tmp/cc5Unz8t.o
 .riscv.attributes
                0x0000008e       0x44 /tmp/ccJ5qtTI.o
 .riscv.attributes
                0x000000d2       0x44 /tmp/ccLYVxA6.o
 .riscv.attributes
                0x00000116       0x44 /tmp/ccfgMfzu.o
 .riscv.attributes
                0x0000015a       0x44 /tmp/ccdzT3DC.o
 .riscv.attributes
                0x0000019e       0x42 /tmp/ccGqaGSp.o

.comment        0x00000000       0x1b
 .comment       0x00000000       0x1b /tmp/cc5Unz8t.o
                                 0x1c (size before relaxing)
 .comment       0x0000001b       0x1c /tmp/ccJ5qtTI.o
 .comment       0x0000001b       0x1c /tmp/ccLYVxA6.o
 .comment       0x0000001b       0x1c /tmp/ccfgMfzu.o
 .comment       0x0000001b       0x1c /tmp/ccdzT3DC.o

.debug_line     0x00000000    0x11338
 .debug_line    0x00000000      0x220 /tmp/ccKAv8X5.o
 .debug_line    0x00000220     0xd7c6 /tmp/cc5Unz8t.o
 .debug_line    0x0000d9e6     0x15be /tmp/ccJ5qtTI.o
 .debug_line    0x0000efa4      0xdf5 /tmp/ccLYVxA6.o
 .debug_line    0x0000fd99      0xb28 /tmp/ccfgMfzu.o
 .debug_line    0x000108c1      0x9d3 /tmp/ccdzT3DC.o
 .debug_line    0x00011294       0xa4 /tmp/ccGqaGSp.o

.debug_line_str
                0x00000000      0x28f
 .debug_line_str
                0x00000000       0x46 /tmp/ccKAv8X5.o
 .debug_line_str
                0x00000046      0x150 /tmp/cc5Unz8t.o
                                0x1b9 (size before relaxing)
 .debug_line_str
                0x00000196       0x36 /tmp/ccJ5qtTI.o
                                0x19c (size before relaxing)
 .debug_line_str
                0x000001cc       0x46 /tmp/ccLYVxA6.o
                                0x184 (size before relaxing)
 .debug_line_str
                0x00000212       0x34 /tmp/ccfgMfzu.o
                                0x149 (size before relaxing)
 .debug_line_str
                0x00000246       0x34 /tmp/ccdzT3DC.o
                                0x149 (size before relaxing)
 .debug_line_str
                0x0000027a       0x15 /tmp/ccGqaGSp.o
                                 0x54 (size before relaxing)

.debug_info     0x00000000     0xa42a
 .debug_info    0x00000000       0x3c /tmp/ccKAv8X5.o
 .debug_info    0x0000003c     0x6b9d /tmp/cc5Unz8t.o
 .debug_info    0x00006bd9     0x154e /tmp/ccJ5qtTI.o
 .debug_info    0x00008127      0xd3d /tmp/ccLYVxA6.o
 .debug_info    0x00008e64      0xbb2 /tmp/ccfgMfzu.o
 .debug_info    0x00009a16      0x9e3 /tmp/ccdzT3DC.o
 .debug_info    0x0000a3f9       0x31 /tmp/ccGqaGSp.o

.debug_abbrev   0x00000000     0x103e
 .debug_abbrev  0x00000000       0x26 /tmp/ccKAv8X5.o
 .debug_abbrev  0x00000026      0x47c /tmp/cc5Unz8t.o
 .debug_abbrev  0x000004a2      0x46b /tmp/ccJ5qtTI.o
 .debug_abbrev  0x0000090d      0x318 /tmp/ccLYVxA6.o
 .debug_abbrev  0x00000c25      0x1eb /tmp/ccfgMfzu.o
 .debug_abbrev  0x00000e10      0x206 /tmp/ccdzT3DC.o
 .debug_abbrev  0x00001016       0x28 /tmp/ccGqaGSp.o

.debug_aranges  0x00000000       0xf0
 .debug_aranges
                0x00000000       0x28 /tmp/ccKAv8X5.o
 .debug_aranges
                0x00000028       0x28 /tmp/cc5Unz8t.o
 .debug_aranges
                0x00000050       0x20 /tmp/ccJ5qtTI.o
 .debug_aranges
                0x00000070       0x20 /tmp/ccLYVxA6.o
 .debug_aranges
                0x00000090       0x20 /tmp/ccfgMfzu.o
 .debug_aranges
                0x000000b0       0x20 /tmp/ccdzT3DC.o
 .debug_aranges
                0x000000d0       0x20 /tmp/ccGqaGSp.o

.debug_str      0x00000000     0x68a9
 .debug_str     0x00000000       0x67 /tmp/ccKAv8X5.o
                                 0x6e (size before relaxing)
 .debug_str     0x00000067     0x5cb1 /tmp/cc5Unz8t.o
                               0x5f48 (size before relaxing)
 .debug_str     0x00005d18      0x544 /tmp/ccJ5qtTI.o
                               0x4c04 (size before relaxing)
 .debug_str     0x0000625c      0x245 /tmp/ccLYVxA6.o
                               0x3c74 (size before relaxing)
 .debug_str     0x000064a1      0x1c8 /tmp/ccfgMfzu.o
                               0x37db (size before relaxing)
 .debug_str     0x00006669      0x209 /tmp/ccdzT3DC.o
                               0x3806 (size before relaxing)
 .debug_str     0x00006872       0x37 /tmp/ccGqaGSp.o
                                 0x7b (size before relaxing)

.debug_rnglists
                0x00000000     0x318d
 .debug_rnglists
                0x00000000       0x1a /tmp/ccKAv8X5.o
 .debug_rnglists
                0x0000001a     0x29a8 /tmp/cc5Unz8t.o
 .debug_rnglists
                0x000029c2      0x248 /tmp/ccJ5qtTI.o
 .debug_rnglists
                0x00002c0a      0x22f /tmp/ccLYVxA6.o
 .debug_rnglists
                0x00002e39      0x283 /tmp/ccfgMfzu.o
 .debug_rnglists
                0x000030bc       0xd1 /tmp/ccdzT3DC.o

.debug_loclists
                0x00000000     0x4b22
 .debug_loclists
                0x00000000     0x3609 /tmp/cc5Unz8t.o
 .debug_loclists
                0x00003609      0x5f1 /tmp/ccJ5qtTI.o
 .debug_loclists
                0x00003bfa      0x417 /tmp/ccLYVxA6.o
 .debug_loclists
                0x00004011      0x63d /tmp/ccfgMfzu.o
 .debug_loclists
                0x0000464e      0x4d4 /tmp/ccdzT3DC.o

.debug_macro    0x00000000     0x1282
 .debug_macro   0x00000000      0x211 /tmp/cc5Unz8t.o
 .debug_macro   0x00000211      0x76c /tmp/cc5Unz8t.o
 .debug_macro   0x0000097d      0x189 /tmp/cc5Unz8t.o
 .debug_macro   0x00000b06      0x34e /tmp/cc5Unz8t.o
 .debug_macro   0x00000e54       0x6a /tmp/cc5Unz8t.o
 .debug_macro   0x00000ebe       0x1c /tmp/cc5Unz8t.o
 .debug_macro   0x00000eda      0x172 /tmp/cc5Unz8t.o
 .debug_macro   0x0000104c       0x96 /tmp/ccJ5qtTI.o
 .debug_macro   0x000010e2       0x8e /tmp/ccLYVxA6.o
 .debug_macro   0x00001170       0x22 /tmp/ccLYVxA6.o
 .debug_macro   0x00001192       0x7f /tmp/ccfgMfzu.o
 .debug_macro   0x00001211       0x71 /tmp/ccdzT3DC.o

.debug_frame    0x00000000      0x854
 .debug_frame   0x00000000      0x3f4 /tmp/cc5Unz8t.o
 .debug_frame   0x000003f4      0x180 /tmp/ccJ5qtTI.o
 .debug_frame   0x00000574      0x12c /tmp/ccLYVxA6.o
 .debug_frame   0x000006a0       0xb0 /tmp/ccfgMfzu.o
 .debug_frame   0x00000750      0x104 /tmp/ccdzT3DC.o
